---
source: sd-core/src/prettyprinter/spartan.rs
expression: expr.to_pretty()
---
lambda(a b d c . plus(c, b, a))
