---
source: sd-core/src/prettyprinter/spartan.rs
expression: expr.to_pretty()
---
bind x = lambda( . plus(y, y)) in
x
