---
source: sd-core/src/prettyprinter/spartan.rs
expression: expr.to_pretty()
---
bind x = 1 in
x
