---
source: sd-core/src/prettyprinter/spartan.rs
expression: expr.to_pretty()
---
bind (a, b) = detuple(x) in
bind (c, d) = detuple(y) in
(tuple(a, d), tuple(b, c))
