---
source: sd-core/src/prettyprinter/spartan.rs
expression: expr.to_pretty()
---
lambda(\x . lambda(\y . x))
