---
source: sd-core/src/graph.rs
expression: to_pet(&graph)
---
Graph(
  nodes: [
    Operation(Op(Not)),
    Edge(BoundVar(Variable("a"))),
    Edge(BoundVar(Variable("d"))),
    Operation(Op(Times)),
    Edge(BoundVar(Variable("b"))),
    Operation(Op(Minus)),
    Edge(BoundVar(Variable("c"))),
    Operation(Op(Plus)),
  ],
  node_holes: [],
  edge_property: directed,
  edges: [
    Some((1, 0, 0)),
    Some((0, 2, 0)),
    Some((4, 3, 0)),
    Some((3, 1, 0)),
    Some((1, 5, 0)),
    Some((5, 6, 0)),
    Some((6, 7, 0)),
    Some((7, 4, 0)),
  ],
)
