---
source: sd-core/src/prettyprinter.rs
expression: expr.to_pretty()
---
bind x = y in
z
