---
source: sd-core/src/graph.rs
expression: expr.free_vars()
---
{
    Variable(
        "var_71",
    ),
    Variable(
        "var_66",
    ),
    Variable(
        "var_76",
    ),
}
