---
source: sd-core/src/graph.rs
expression: to_pet(&graph)
---
Graph(
  nodes: [
    Operation(Op(Lambda)),
    Edge(Thunk(Addr)),
    Edge(Op),
    Thunk(Graph(
      nodes: [
        Edge(BoundVar(Variable("a"))),
        Edge(BoundVar(Variable("b"))),
        Edge(BoundVar(Variable("d"))),
        Edge(BoundVar(Variable("c"))),
        Operation(Op(Plus)),
        Edge(Op),
      ],
      node_holes: [],
      edge_property: directed,
      edges: [
        Some((3, 4, 0)),
        Some((1, 4, 1)),
        Some((0, 4, 2)),
        Some((4, 5, 0)),
      ],
    )),
  ],
  node_holes: [],
  edge_property: directed,
  edges: [
    Some((1, 0, 0)),
    Some((0, 2, 0)),
    Some((3, 1, 0)),
  ],
)
