---
source: sd-core/src/graph.rs
expression: to_pet(&graph)
---
Graph(
  nodes: [
    Operation(Op(Lambda)),
    Edge(Nil),
    Edge(Nil),
    Thunk(Graph(
      nodes: [
        Edge(BoundVar(Variable("x"))),
        Operation(Op(Lambda)),
        Edge(Nil),
        Edge(Nil),
        Thunk(Graph(
          nodes: [
            Edge(BoundVar(Variable("x"))),
            Edge(BoundVar(Variable("y"))),
          ],
          node_holes: [],
          edge_property: directed,
          edges: [],
        )),
      ],
      node_holes: [],
      edge_property: directed,
      edges: [
        Some((2, 1, 0)),
        Some((1, 3, 0)),
        Some((0, 4, 0)),
        Some((4, 2, 0)),
      ],
    )),
  ],
  node_holes: [],
  edge_property: directed,
  edges: [
    Some((1, 0, 0)),
    Some((0, 2, 0)),
    Some((3, 1, 0)),
  ],
)
