---
source: sd-core/src/graph.rs
expression: expr.free_vars()
---
{
    Variable(
        "a",
    ),
    Variable(
        "b",
    ),
}
